<http://www.redland.opensource.ac.uk/raptor/tests/ex-20.rdf#foo> <http://example.com/properties/property> <http://example.org/object> .
