<http://www.redland.opensource.ac.uk/raptor/tests/ex-52.rdf> <http://purl.org/dc/elements/1.1/title> "Simple Example" .
<http://www.redland.opensource.ac.uk/raptor/tests/ex-52.rdf> <http://purl.org/dc/elements/1.1/date> "2002-10-05" .
