<http://example.org/node> <http://example.org/ns#prop> "" .
